// Jest Snapshot v1, https://goo.gl/fbAQLP

exports[`<LazyImage /> should mount properly 1`] = `
<div
  className="lazy-image"
>
  <VisibilitySensor
    active={true}
    containment={null}
    delayedCall={false}
    intervalCheck={true}
    intervalDelay={100}
    minTopValue={0}
    offset={
      Object {
        "top": 100,
      }
    }
    onChange={[Function]}
    partialVisibility={true}
    resizeCheck={false}
    resizeDelay={250}
    resizeThrottle={-1}
    scrollCheck={false}
    scrollDelay={250}
    scrollThrottle={-1}
  >
    <CSSTransition
      classNames={
        Object {
          "enter": "animated fast",
          "enterActive": "fadeIn fast",
          "enterDone": "animated fadeIn fast",
        }
      }
      in={false}
      timeout={800}
    >
      <Transition
        appear={false}
        enter={true}
        exit={true}
        in={false}
        mountOnEnter={false}
        onEnter={[Function]}
        onEntered={[Function]}
        onEntering={[Function]}
        onExit={[Function]}
        onExited={[Function]}
        onExiting={[Function]}
        timeout={800}
        unmountOnExit={false}
      >
        <div
          className="lazy-image__image"
          onClick={[Function]}
          style={Object {}}
        />
      </Transition>
    </CSSTransition>
  </VisibilitySensor>
</div>
`;
