// Jest Snapshot v1, https://goo.gl/fbAQLP

exports[`<NotFound /> should mount properly 1`] = `
<NotFound>
  <h3
    className="text-center"
  >
    Página não encontrada
    <span
      aria-label="Cachorro"
      role="img"
    >
      🐶
    </span>
  </h3>
</NotFound>
`;
